// Jest Snapshot v1, https://goo.gl/fbAQLP

exports[`renders with myFeature enabled 1`] = `
<div>
  <div>
    My feature is enabled
    My feature is disabled
  </div>
</div>
`;
